%!Adobe-FontList 1.20
%Locale:0x409

%BeginFont
Handler:DirectoryHandler
FontType:Invalid
OutlineFileName:C:\Users\sprucenoidadesk16\Desktop\Crisiti Miranda\Font\Korolev-Bold.woff
FileModTime:1562917613
%EndFont

%BeginFont
Handler:DirectoryHandler
FontType:Invalid
OutlineFileName:C:\Users\sprucenoidadesk16\Desktop\Crisiti Miranda\Font\Korolev-Bold.woff2
FileModTime:1562917613
%EndFont

%BeginFont
Handler:DirectoryHandler
FontType:Invalid
OutlineFileName:C:\Users\sprucenoidadesk16\Desktop\Crisiti Miranda\Font\Korolev-BoldItalic.woff
FileModTime:1562917614
%EndFont

%BeginFont
Handler:DirectoryHandler
FontType:Invalid
OutlineFileName:C:\Users\sprucenoidadesk16\Desktop\Crisiti Miranda\Font\Korolev-BoldItalic.woff2
FileModTime:1562917614
%EndFont

%BeginFont
Handler:DirectoryHandler
FontType:Invalid
OutlineFileName:C:\Users\sprucenoidadesk16\Desktop\Crisiti Miranda\Font\Korolev-Heavy.woff
FileModTime:1562917615
%EndFont

%BeginFont
Handler:DirectoryHandler
FontType:Invalid
OutlineFileName:C:\Users\sprucenoidadesk16\Desktop\Crisiti Miranda\Font\Korolev-Heavy.woff2
FileModTime:1562917616
%EndFont

%BeginFont
Handler:DirectoryHandler
FontType:Invalid
OutlineFileName:C:\Users\sprucenoidadesk16\Desktop\Crisiti Miranda\Font\Korolev-HeavyItalic.woff
FileModTime:1562917616
%EndFont

%BeginFont
Handler:DirectoryHandler
FontType:Invalid
OutlineFileName:C:\Users\sprucenoidadesk16\Desktop\Crisiti Miranda\Font\Korolev-HeavyItalic.woff2
FileModTime:1562917616
%EndFont

%BeginFont
Handler:DirectoryHandler
FontType:Invalid
OutlineFileName:C:\Users\sprucenoidadesk16\Desktop\Crisiti Miranda\Font\Korolev-Light.woff
FileModTime:1562917615
%EndFont

%BeginFont
Handler:DirectoryHandler
FontType:Invalid
OutlineFileName:C:\Users\sprucenoidadesk16\Desktop\Crisiti Miranda\Font\Korolev-Light.woff2
FileModTime:1562917615
%EndFont

%BeginFont
Handler:DirectoryHandler
FontType:Invalid
OutlineFileName:C:\Users\sprucenoidadesk16\Desktop\Crisiti Miranda\Font\Korolev-LightItalic.woff
FileModTime:1562917614
%EndFont

%BeginFont
Handler:DirectoryHandler
FontType:Invalid
OutlineFileName:C:\Users\sprucenoidadesk16\Desktop\Crisiti Miranda\Font\Korolev-LightItalic.woff2
FileModTime:1562917615
%EndFont

%BeginFont
Handler:DirectoryHandler
FontType:Invalid
OutlineFileName:C:\Users\sprucenoidadesk16\Desktop\Crisiti Miranda\Font\Korolev-Medium.woff
FileModTime:1562917615
%EndFont

%BeginFont
Handler:DirectoryHandler
FontType:Invalid
OutlineFileName:C:\Users\sprucenoidadesk16\Desktop\Crisiti Miranda\Font\Korolev-Medium.woff2
FileModTime:1562917615
%EndFont

%BeginFont
Handler:DirectoryHandler
FontType:Invalid
OutlineFileName:C:\Users\sprucenoidadesk16\Desktop\Crisiti Miranda\Font\Korolev-MediumItalic.woff
FileModTime:1562917614
%EndFont

%BeginFont
Handler:DirectoryHandler
FontType:Invalid
OutlineFileName:C:\Users\sprucenoidadesk16\Desktop\Crisiti Miranda\Font\Korolev-MediumItalic.woff2
FileModTime:1562917614
%EndFont

%BeginFont
Handler:DirectoryHandler
FontType:Invalid
OutlineFileName:C:\Users\sprucenoidadesk16\Desktop\Crisiti Miranda\Font\Korolev-Thin.woff
FileModTime:1562917616
%EndFont

%BeginFont
Handler:DirectoryHandler
FontType:Invalid
OutlineFileName:C:\Users\sprucenoidadesk16\Desktop\Crisiti Miranda\Font\Korolev-Thin.woff2
FileModTime:1562917616
%EndFont

%BeginFont
Handler:DirectoryHandler
FontType:Invalid
OutlineFileName:C:\Users\sprucenoidadesk16\Desktop\Crisiti Miranda\Font\MuseoSans-500.woff
FileModTime:1562927486
%EndFont

%BeginFont
Handler:DirectoryHandler
FontType:Invalid
OutlineFileName:C:\Users\sprucenoidadesk16\Desktop\Crisiti Miranda\Font\MuseoSans-500.woff2
FileModTime:1562927486
%EndFont

